
> frontend@0.0.0 build
> vite build

[36mvite v5.4.21 [32mbuilding for production...[36m[39m
transforming...
[32mΓ£ô[39m 169 modules transformed.
node.exe : [31mx[39m Build failed in 
1.03s
At line:1 char:1
+ & "D:\Program Files\nodejs/node.exe" 
"C:\Users\sanch\AppData\Roaming\ ...
+ ~~~~~~~~~~~~~~~~~~~~~~~~~~~~~~~~~~~~~~~
~~~~~~~~~~~~~~~~~~~~~~~~~~~~~~
    + CategoryInfo          : NotSpecifi 
   ed: ([31mx[39m Build failed in 1.0  
  3s:String) [], RemoteException
    + FullyQualifiedErrorId : NativeComm 
   andError
 
[31merror during build:
[31mCould not resolve "../api/api" from 
"src/hooks/useStatements.js"[31m
file: [36mD:/Code/InsightBank-AI/fronten
d/src/hooks/useStatements.js[31m
    at getRollupError (file:///D:/Code/In
sightBank-AI/frontend/node_modules/rollup
/dist/es/shared/parseAst.js:406:41)
    at error (file:///D:/Code/InsightBank
-AI/frontend/node_modules/rollup/dist/es/
shared/parseAst.js:402:42)
    at 
ModuleLoader.handleInvalidResolvedId (fil
e:///D:/Code/InsightBank-AI/frontend/node
_modules/rollup/dist/es/shared/node-entry
.js:22106:24)
    at file:///D:/Code/InsightBank-AI/fro
ntend/node_modules/rollup/dist/es/shared/
node-entry.js:22066:26[39m
