python : Loading .env environment 
variables...
At line:1 char:1
+ python -m pipenv run pytest > 
test_output.txt 2>&1
+ ~~~~~~~~~~~~~~~~~~~~~~~~~~~~~~~~~~~~
~~~~~~~~~~~~~~
    + CategoryInfo          : 
NotSpecifi    ed: (Loading .env 
environment variab    les...:String) 
[], RemoteException
    + FullyQualifiedErrorId : 
NativeComm    andError
 
============================= test session starts =============================
platform win32 -- Python 3.14.3, pytest-8.3.3, pluggy-1.6.0
rootdir: D:\Code\InsightBank-AI\backend
plugins: anyio-4.13.0
collected 0 items / 2 errors

=================================== ERRORS ====================================
______________________ ERROR collecting test_output.txt _______________________
C:\Python314\Lib\pathlib\__init__.py:788: in read_text
    return f.read()
<frozen codecs>:325: in decode
    ???
E   UnicodeDecodeError: 'utf-8' codec can't decode byte 0xff in position 0: invalid start byte
__________________ ERROR collecting tests/test_ingestion.py ___________________
ImportError while importing test module 'D:\Code\InsightBank-AI\backend\tests\test_ingestion.py'.
Hint: make sure your test modules/packages have valid Python names.
Traceback:
C:\Python314\Lib\importlib\__init__.py:88: in import_module
    return _bootstrap._gcd_import(name[level:], package, level)
tests\test_ingestion.py:4: in <module>
    from app.parsers.parser_factory import detect_bank, get_parser
E   ModuleNotFoundError: No module named 'app'
=========================== short test summary info ===========================
ERROR test_output.txt - UnicodeDecodeError: 'utf-8' codec can't decode byte 0...
ERROR tests/test_ingestion.py
!!!!!!!!!!!!!!!!!!! Interrupted: 2 errors during collection !!!!!!!!!!!!!!!!!!!
============================== 2 errors in 0.59s ==============================
